// Jest Snapshot v1, https://goo.gl/fbAQLP

exports[`pruebas en <GifItem> debe hacer match con el snapshot 1`] = `
<div>
  <div
    class="card"
  >
    <img
      alt="este es el título"
      src="https://static.wikia.nocookie.net/marvelcomicsenciclopedia/images/c/c4/La_cosa.jpg/revision/latest?cb=20120605191426"
    />
    <p>
      este es el título
    </p>
  </div>
</div>
`;
